// Jest Snapshot v1, https://goo.gl/fbAQLP

exports[`components/mfa/components/Confirm should match snapshot 1`] = `
<div
  className="signup-team__container mfa mfa-confirm"
>
  <Svg />
  <h1>
    <MemoizedFormattedMessage
      defaultMessage="Multi-Factor Authentication Setup Complete"
      id="mfa.confirmTitle"
    />
  </h1>
  <div
    id="mfa"
  >
    <div>
      <form
        className="form-group"
        onKeyPress={[Function]}
        onSubmit={[Function]}
      >
        <p>
          <MemoizedFormattedMessage
            defaultMessage="Your account is now secure. Next time you sign in, you will be asked to enter a code from the Google Authenticator app on your phone."
            id="mfa.confirm.secure"
          />
        </p>
        <ButtonContainer>
          <BrandedButton>
            <button
              className="btn btn-primary"
              type="submit"
            >
              <MemoizedFormattedMessage
                defaultMessage="Okay"
                id="mfa.confirm.okay"
              />
            </button>
          </BrandedButton>
        </ButtonContainer>
      </form>
    </div>
  </div>
</div>
`;
